

================================================================
== Vitis HLS Report for 'dense_latency_ap_ufixed_9_0_4_0_0_ap_fixed_16_6_5_3_0_config8_s'
================================================================
* Date:           Thu Jan 11 03:43:08 2024

* Version:        2022.1 (Build 3526262 on Mon Apr 18 15:47:01 MDT 2022)
* Project:        tau_nn_prj
* Solution:       solution1 (Vivado IP Flow Target)
* Product family: virtexuplus
* Target device:  xcvu9p-flga2104-2L-e


================================================================
== Performance Estimates
================================================================
+ Timing: 
    * Summary: 
    +--------+---------+----------+------------+
    |  Clock |  Target | Estimated| Uncertainty|
    +--------+---------+----------+------------+
    |ap_clk  |  2.80 ns|  2.432 ns|     0.35 ns|
    +--------+---------+----------+------------+

+ Latency: 
    * Summary: 
    +---------+---------+----------+----------+-----+-----+---------+
    |  Latency (cycles) |  Latency (absolute) |  Interval | Pipeline|
    |   min   |   max   |    min   |    max   | min | max |   Type  |
    +---------+---------+----------+----------+-----+-----+---------+
    |        2|        2|  5.600 ns|  5.600 ns|    1|    1|      yes|
    +---------+---------+----------+----------+-----+-----+---------+

    + Detail: 
        * Instance: 
        N/A

        * Loop: 
        N/A



================================================================
== Utilization Estimates
================================================================
* Summary: 
+---------------------+---------+------+---------+---------+-----+
|         Name        | BRAM_18K|  DSP |    FF   |   LUT   | URAM|
+---------------------+---------+------+---------+---------+-----+
|DSP                  |        -|     -|        -|        -|    -|
|Expression           |        -|     -|        0|     4940|    -|
|FIFO                 |        -|     -|        -|        -|    -|
|Instance             |        -|     0|        0|     2793|    -|
|Memory               |        -|     -|        -|        -|    -|
|Multiplexer          |        -|     -|        -|      210|    -|
|Register             |        -|     -|     1876|        -|    -|
+---------------------+---------+------+---------+---------+-----+
|Total                |        0|     0|     1876|     7943|    0|
+---------------------+---------+------+---------+---------+-----+
|Available SLR        |     1440|  2280|   788160|   394080|  320|
+---------------------+---------+------+---------+---------+-----+
|Utilization SLR (%)  |        0|     0|       ~0|        2|    0|
+---------------------+---------+------+---------+---------+-----+
|Available            |     4320|  6840|  2364480|  1182240|  960|
+---------------------+---------+------+---------+---------+-----+
|Utilization (%)      |        0|     0|       ~0|       ~0|    0|
+---------------------+---------+------+---------+---------+-----+

+ Detail: 
    * Instance: 
    +-------------------------+--------------------+---------+----+---+----+-----+
    |         Instance        |       Module       | BRAM_18K| DSP| FF| LUT| URAM|
    +-------------------------+--------------------+---------+----+---+----+-----+
    |mul_9ns_5ns_13_1_0_U386  |mul_9ns_5ns_13_1_0  |        0|   0|  0|  49|    0|
    |mul_9ns_5ns_13_1_0_U393  |mul_9ns_5ns_13_1_0  |        0|   0|  0|  49|    0|
    |mul_9ns_5ns_13_1_0_U398  |mul_9ns_5ns_13_1_0  |        0|   0|  0|  49|    0|
    |mul_9ns_5ns_13_1_0_U410  |mul_9ns_5ns_13_1_0  |        0|   0|  0|  49|    0|
    |mul_9ns_5ns_13_1_0_U423  |mul_9ns_5ns_13_1_0  |        0|   0|  0|  49|    0|
    |mul_9ns_5ns_13_1_0_U431  |mul_9ns_5ns_13_1_0  |        0|   0|  0|  49|    0|
    |mul_9ns_5ns_13_1_0_U436  |mul_9ns_5ns_13_1_0  |        0|   0|  0|  49|    0|
    |mul_9ns_5s_14_1_0_U404   |mul_9ns_5s_14_1_0   |        0|   0|  0|  49|    0|
    |mul_9ns_5s_14_1_0_U405   |mul_9ns_5s_14_1_0   |        0|   0|  0|  49|    0|
    |mul_9ns_5s_14_1_0_U441   |mul_9ns_5s_14_1_0   |        0|   0|  0|  49|    0|
    |mul_9ns_6ns_14_1_0_U389  |mul_9ns_6ns_14_1_0  |        0|   0|  0|  49|    0|
    |mul_9ns_6ns_14_1_0_U392  |mul_9ns_6ns_14_1_0  |        0|   0|  0|  49|    0|
    |mul_9ns_6ns_14_1_0_U403  |mul_9ns_6ns_14_1_0  |        0|   0|  0|  49|    0|
    |mul_9ns_6ns_14_1_0_U407  |mul_9ns_6ns_14_1_0  |        0|   0|  0|  49|    0|
    |mul_9ns_6ns_14_1_0_U412  |mul_9ns_6ns_14_1_0  |        0|   0|  0|  49|    0|
    |mul_9ns_6ns_14_1_0_U413  |mul_9ns_6ns_14_1_0  |        0|   0|  0|  49|    0|
    |mul_9ns_6ns_14_1_0_U414  |mul_9ns_6ns_14_1_0  |        0|   0|  0|  49|    0|
    |mul_9ns_6ns_14_1_0_U421  |mul_9ns_6ns_14_1_0  |        0|   0|  0|  49|    0|
    |mul_9ns_6ns_14_1_0_U425  |mul_9ns_6ns_14_1_0  |        0|   0|  0|  49|    0|
    |mul_9ns_6ns_14_1_0_U427  |mul_9ns_6ns_14_1_0  |        0|   0|  0|  49|    0|
    |mul_9ns_6ns_14_1_0_U430  |mul_9ns_6ns_14_1_0  |        0|   0|  0|  49|    0|
    |mul_9ns_6ns_14_1_0_U437  |mul_9ns_6ns_14_1_0  |        0|   0|  0|  49|    0|
    |mul_9ns_6ns_14_1_0_U442  |mul_9ns_6ns_14_1_0  |        0|   0|  0|  49|    0|
    |mul_9ns_6s_15_1_0_U388   |mul_9ns_6s_15_1_0   |        0|   0|  0|  49|    0|
    |mul_9ns_6s_15_1_0_U390   |mul_9ns_6s_15_1_0   |        0|   0|  0|  49|    0|
    |mul_9ns_6s_15_1_0_U394   |mul_9ns_6s_15_1_0   |        0|   0|  0|  49|    0|
    |mul_9ns_6s_15_1_0_U395   |mul_9ns_6s_15_1_0   |        0|   0|  0|  49|    0|
    |mul_9ns_6s_15_1_0_U397   |mul_9ns_6s_15_1_0   |        0|   0|  0|  49|    0|
    |mul_9ns_6s_15_1_0_U400   |mul_9ns_6s_15_1_0   |        0|   0|  0|  49|    0|
    |mul_9ns_6s_15_1_0_U401   |mul_9ns_6s_15_1_0   |        0|   0|  0|  49|    0|
    |mul_9ns_6s_15_1_0_U402   |mul_9ns_6s_15_1_0   |        0|   0|  0|  49|    0|
    |mul_9ns_6s_15_1_0_U408   |mul_9ns_6s_15_1_0   |        0|   0|  0|  49|    0|
    |mul_9ns_6s_15_1_0_U416   |mul_9ns_6s_15_1_0   |        0|   0|  0|  49|    0|
    |mul_9ns_6s_15_1_0_U417   |mul_9ns_6s_15_1_0   |        0|   0|  0|  49|    0|
    |mul_9ns_6s_15_1_0_U418   |mul_9ns_6s_15_1_0   |        0|   0|  0|  49|    0|
    |mul_9ns_6s_15_1_0_U419   |mul_9ns_6s_15_1_0   |        0|   0|  0|  49|    0|
    |mul_9ns_6s_15_1_0_U420   |mul_9ns_6s_15_1_0   |        0|   0|  0|  49|    0|
    |mul_9ns_6s_15_1_0_U422   |mul_9ns_6s_15_1_0   |        0|   0|  0|  49|    0|
    |mul_9ns_6s_15_1_0_U424   |mul_9ns_6s_15_1_0   |        0|   0|  0|  49|    0|
    |mul_9ns_6s_15_1_0_U426   |mul_9ns_6s_15_1_0   |        0|   0|  0|  49|    0|
    |mul_9ns_6s_15_1_0_U428   |mul_9ns_6s_15_1_0   |        0|   0|  0|  49|    0|
    |mul_9ns_6s_15_1_0_U432   |mul_9ns_6s_15_1_0   |        0|   0|  0|  49|    0|
    |mul_9ns_6s_15_1_0_U433   |mul_9ns_6s_15_1_0   |        0|   0|  0|  49|    0|
    |mul_9ns_6s_15_1_0_U438   |mul_9ns_6s_15_1_0   |        0|   0|  0|  49|    0|
    |mul_9ns_6s_15_1_0_U439   |mul_9ns_6s_15_1_0   |        0|   0|  0|  49|    0|
    |mul_9ns_6s_15_1_0_U440   |mul_9ns_6s_15_1_0   |        0|   0|  0|  49|    0|
    |mul_9ns_7ns_15_1_0_U387  |mul_9ns_7ns_15_1_0  |        0|   0|  0|  49|    0|
    |mul_9ns_7ns_15_1_0_U396  |mul_9ns_7ns_15_1_0  |        0|   0|  0|  49|    0|
    |mul_9ns_7ns_15_1_0_U409  |mul_9ns_7ns_15_1_0  |        0|   0|  0|  49|    0|
    |mul_9ns_7ns_15_1_0_U415  |mul_9ns_7ns_15_1_0  |        0|   0|  0|  49|    0|
    |mul_9ns_7ns_15_1_0_U429  |mul_9ns_7ns_15_1_0  |        0|   0|  0|  49|    0|
    |mul_9ns_7ns_15_1_0_U434  |mul_9ns_7ns_15_1_0  |        0|   0|  0|  49|    0|
    |mul_9ns_7s_16_1_0_U391   |mul_9ns_7s_16_1_0   |        0|   0|  0|  49|    0|
    |mul_9ns_7s_16_1_0_U399   |mul_9ns_7s_16_1_0   |        0|   0|  0|  49|    0|
    |mul_9ns_7s_16_1_0_U406   |mul_9ns_7s_16_1_0   |        0|   0|  0|  49|    0|
    |mul_9ns_7s_16_1_0_U411   |mul_9ns_7s_16_1_0   |        0|   0|  0|  49|    0|
    |mul_9ns_7s_16_1_0_U435   |mul_9ns_7s_16_1_0   |        0|   0|  0|  49|    0|
    +-------------------------+--------------------+---------+----+---+----+-----+
    |Total                    |                    |        0|   0|  0|2793|    0|
    +-------------------------+--------------------+---------+----+---+----+-----+

    * DSP: 
    N/A

    * Memory: 
    N/A

    * FIFO: 
    N/A

    * Expression: 
    +---------------------------+----------+----+---+----+------------+------------+
    |       Variable Name       | Operation| DSP| FF| LUT| Bitwidth P0| Bitwidth P1|
    +---------------------------+----------+----+---+----+------------+------------+
    |add_ln859_11_fu_37271_p2   |         +|   0|  0|  22|          22|          14|
    |add_ln859_13_fu_37947_p2   |         +|   0|  0|  26|          19|          12|
    |add_ln859_16_fu_37404_p2   |         +|   0|  0|  26|          19|          13|
    |add_ln859_19_fu_37990_p2   |         +|   0|  0|  22|          22|          12|
    |add_ln859_1_fu_37005_p2    |         +|   0|  0|  18|          18|          14|
    |add_ln859_21_fu_37581_p2   |         +|   0|  0|  27|          20|          20|
    |add_ln859_22_fu_38016_p2   |         +|   0|  0|  29|          22|          11|
    |add_ln859_23_fu_38022_p2   |         +|   0|  0|  22|          22|          22|
    |add_ln859_25_fu_37652_p2   |         +|   0|  0|  23|          16|          16|
    |add_ln859_26_fu_38044_p2   |         +|   0|  0|  29|          22|          14|
    |add_ln859_27_fu_38050_p2   |         +|   0|  0|  22|          22|          22|
    |add_ln859_29_fu_37732_p2   |         +|   0|  0|  22|          22|          22|
    |add_ln859_30_fu_37738_p2   |         +|   0|  0|  24|          17|          13|
    |add_ln859_32_fu_37795_p2   |         +|   0|  0|  22|          22|          22|
    |add_ln859_33_fu_37801_p2   |         +|   0|  0|  23|          16|          14|
    |add_ln859_4_fu_37121_p2    |         +|   0|  0|  21|          21|          21|
    |add_ln859_5_fu_37127_p2    |         +|   0|  0|  22|          15|          13|
    |add_ln859_7_fu_37154_p2    |         +|   0|  0|  21|          21|          21|
    |add_ln859_8_fu_37160_p2    |         +|   0|  0|  25|          18|          12|
    |add_ln859_fu_36995_p2      |         +|   0|  0|  24|          17|          17|
    |addconv131_fu_36540_p2     |         +|   0|  0|  23|          16|          16|
    |r_V_110_fu_35684_p2        |         +|   0|  0|  21|          14|          14|
    |r_V_121_fu_35778_p2        |         +|   0|  0|  21|          14|          14|
    |r_V_122_fu_35784_p2        |         +|   0|  0|  22|          15|          15|
    |r_V_124_fu_35824_p2        |         +|   0|  0|  21|          14|          14|
    |r_V_133_fu_35879_p2        |         +|   0|  0|  16|          15|          15|
    |r_V_17_fu_34506_p2         |         +|   0|  0|  21|          14|          14|
    |r_V_20_fu_34547_p2         |         +|   0|  0|  21|          14|          14|
    |r_V_27_fu_34630_p2         |         +|   0|  0|  22|          15|          15|
    |r_V_2_fu_34334_p2          |         +|   0|  0|  21|          14|          14|
    |r_V_4_fu_34358_p2          |         +|   0|  0|  20|          13|          13|
    |r_V_54_fu_34918_p2         |         +|   0|  0|  22|          15|          15|
    |r_V_62_fu_35056_p2         |         +|   0|  0|  21|          14|          14|
    |r_V_64_fu_35094_p2         |         +|   0|  0|  21|          14|          14|
    |r_V_68_fu_35169_p2         |         +|   0|  0|  16|          15|          15|
    |r_V_73_fu_35244_p2         |         +|   0|  0|  21|          14|          14|
    |r_V_83_fu_35342_p2         |         +|   0|  0|  21|          14|          14|
    |r_V_84_fu_35360_p2         |         +|   0|  0|  21|          14|          14|
    |r_V_86_fu_36905_p2         |         +|   0|  0|  16|          15|          15|
    |r_V_90_fu_35438_p2         |         +|   0|  0|  22|          15|          15|
    |r_V_fu_34322_p2            |         +|   0|  0|  16|          15|          15|
    |tmp100_fu_36654_p2         |         +|   0|  0|  23|          16|          16|
    |tmp101_fu_36670_p2         |         +|   0|  0|  27|          20|          20|
    |tmp102_fu_36660_p2         |         +|   0|  0|  26|          19|          19|
    |tmp106_fu_37604_p2         |         +|   0|  0|  24|          17|          17|
    |tmp107_fu_36716_p2         |         +|   0|  0|  23|          16|          16|
    |tmp108_fu_36728_p2         |         +|   0|  0|  16|          16|          16|
    |tmp109_fu_36722_p2         |         +|   0|  0|  16|          16|          16|
    |tmp110_fu_37640_p2         |         +|   0|  0|  21|          21|          21|
    |tmp111_fu_37617_p2         |         +|   0|  0|  24|          17|          17|
    |tmp112_fu_36734_p2         |         +|   0|  0|  23|          16|          16|
    |tmp113_fu_37630_p2         |         +|   0|  0|  27|          20|          20|
    |tmp114_fu_36740_p2         |         +|   0|  0|  26|          19|          19|
    |tmp118_fu_37685_p2         |         +|   0|  0|  17|          17|          17|
    |tmp119_fu_37676_p2         |         +|   0|  0|  17|          17|          17|
    |tmp120_fu_36762_p2         |         +|   0|  0|  23|          16|          16|
    |tmp121_fu_37704_p2         |         +|   0|  0|  19|          19|          19|
    |tmp122_fu_36768_p2         |         +|   0|  0|  22|          15|          15|
    |tmp123_fu_37698_p2         |         +|   0|  0|  19|          19|          19|
    |tmp126_fu_36794_p2         |         +|   0|  0|  26|          19|          19|
    |tmp127_fu_37767_p2         |         +|   0|  0|  26|          19|          19|
    |tmp128_fu_36800_p2         |         +|   0|  0|  23|          16|          16|
    |tmp13_fu_35974_p2          |         +|   0|  0|  22|          15|          15|
    |tmp16_fu_37027_p2          |         +|   0|  0|  25|          18|          18|
    |tmp17_fu_36026_p2          |         +|   0|  0|  16|          16|          16|
    |tmp18_fu_36038_p2          |         +|   0|  0|  17|          17|          17|
    |tmp19_fu_36032_p2          |         +|   0|  0|  17|          17|          17|
    |tmp20_fu_37045_p2          |         +|   0|  0|  19|          19|          19|
    |tmp21_fu_37037_p2          |         +|   0|  0|  19|          19|          19|
    |tmp22_fu_36044_p2          |         +|   0|  0|  26|          19|          19|
    |tmp23_fu_36056_p2          |         +|   0|  0|  16|          16|          16|
    |tmp24_fu_36050_p2          |         +|   0|  0|  16|          16|          16|
    |tmp25_fu_37082_p2          |         +|   0|  0|  19|          19|          19|
    |tmp26_fu_36102_p2          |         +|   0|  0|  21|          14|          14|
    |tmp27_fu_36114_p2          |         +|   0|  0|  19|          19|          19|
    |tmp28_fu_36108_p2          |         +|   0|  0|  19|          19|          19|
    |tmp29_fu_37093_p2          |         +|   0|  0|  23|          16|          16|
    |tmp30768_fu_36977_p2       |         +|   0|  0|  16|          16|          16|
    |tmp30_fu_36120_p2          |         +|   0|  0|  22|          15|          15|
    |tmp31966_fu_37055_p2       |         +|   0|  0|  27|          20|          20|
    |tmp31_fu_36132_p2          |         +|   0|  0|  16|          15|          15|
    |tmp32964_fu_37103_p2       |         +|   0|  0|  19|          19|          19|
    |tmp32_fu_36126_p2          |         +|   0|  0|  16|          15|          15|
    |tmp33262_fu_36152_p2       |         +|   0|  0|  16|          16|          16|
    |tmp33960_fu_37195_p2       |         +|   0|  0|  24|          17|          17|
    |tmp35059_fu_37257_p2       |         +|   0|  0|  21|          21|          21|
    |tmp35756_fu_37313_p2       |         +|   0|  0|  24|          17|          17|
    |tmp35_fu_36146_p2          |         +|   0|  0|  16|          16|          16|
    |tmp36854_fu_37365_p2       |         +|   0|  0|  25|          18|          18|
    |tmp37452_fu_37386_p2       |         +|   0|  0|  17|          17|          17|
    |tmp38351_fu_37458_p2       |         +|   0|  0|  28|          21|          21|
    |tmp38_fu_36188_p2          |         +|   0|  0|  23|          16|          16|
    |tmp39948_fu_37545_p2       |         +|   0|  0|  20|          20|          20|
    |tmp39_fu_36178_p2          |         +|   0|  0|  16|          15|          15|
    |tmp40946_fu_37575_p2       |         +|   0|  0|  20|          20|          20|
    |tmp40_fu_37185_p2          |         +|   0|  0|  23|          16|          16|
    |tmp41_fu_36194_p2          |         +|   0|  0|  16|          15|          15|
    |tmp42045_fu_37646_p2       |         +|   0|  0|  21|          21|          21|
    |tmp42842_fu_37714_p2       |         +|   0|  0|  27|          20|          20|
    |tmp42_fu_36200_p2          |         +|   0|  0|  22|          15|          15|
    |tmp43340_fu_37777_p2       |         +|   0|  0|  27|          20|          20|
    |tmp43_fu_37239_p2          |         +|   0|  0|  19|          19|          19|
    |tmp44_fu_37230_p2          |         +|   0|  0|  19|          19|          19|
    |tmp45_fu_36256_p2          |         +|   0|  0|  16|          16|          16|
    |tmp46_fu_36250_p2          |         +|   0|  0|  16|          16|          16|
    |tmp47_fu_37252_p2          |         +|   0|  0|  21|          21|          21|
    |tmp48_fu_36268_p2          |         +|   0|  0|  16|          16|          16|
    |tmp49_fu_36262_p2          |         +|   0|  0|  16|          16|          16|
    |tmp50_fu_36284_p2          |         +|   0|  0|  28|          21|          21|
    |tmp51_fu_36274_p2          |         +|   0|  0|  26|          19|          19|
    |tmp53_fu_36312_p2          |         +|   0|  0|  16|          16|          16|
    |tmp54_fu_36306_p2          |         +|   0|  0|  16|          16|          16|
    |tmp55_fu_37303_p2          |         +|   0|  0|  23|          16|          16|
    |tmp56_fu_36318_p2          |         +|   0|  0|  16|          15|          15|
    |tmp57_fu_37293_p2          |         +|   0|  0|  16|          15|          15|
    |tmp59_fu_37329_p2          |         +|   0|  0|  24|          17|          17|
    |tmp60_fu_36360_p2          |         +|   0|  0|  23|          16|          16|
    |tmp61_fu_36372_p2          |         +|   0|  0|  16|          16|          16|
    |tmp62_fu_36366_p2          |         +|   0|  0|  16|          16|          16|
    |tmp63_fu_37355_p2          |         +|   0|  0|  24|          17|          17|
    |tmp64_fu_36384_p2          |         +|   0|  0|  16|          15|          15|
    |tmp65_fu_36378_p2          |         +|   0|  0|  16|          15|          15|
    |tmp66_fu_37345_p2          |         +|   0|  0|  23|          16|          16|
    |tmp67_fu_36390_p2          |         +|   0|  0|  22|          15|          15|
    |tmp68_fu_37377_p2          |         +|   0|  0|  17|          17|          17|
    |tmp69_fu_36408_p2          |         +|   0|  0|  16|          16|          16|
    |tmp70_fu_36424_p2          |         +|   0|  0|  23|          16|          16|
    |tmp71_fu_36414_p2          |         +|   0|  0|  16|          15|          15|
    |tmp73_fu_37430_p2          |         +|   0|  0|  27|          20|          20|
    |tmp74_fu_36466_p2          |         +|   0|  0|  22|          15|          15|
    |tmp75_fu_36472_p2          |         +|   0|  0|  26|          19|          19|
    |tmp76_fu_37448_p2          |         +|   0|  0|  19|          19|          19|
    |tmp77_fu_36478_p2          |         +|   0|  0|  16|          15|          15|
    |tmp78_fu_37443_p2          |         +|   0|  0|  19|          19|          19|
    |tmp79_fu_36484_p2          |         +|   0|  0|  26|          19|          19|
    |tmp80_fu_37510_p2          |         +|   0|  0|  25|          18|          18|
    |tmp81_fu_37484_p2          |         +|   0|  0|  24|          17|          17|
    |tmp82_fu_36534_p2          |         +|   0|  0|  22|          15|          15|
    |tmp84_fu_37500_p2          |         +|   0|  0|  24|          17|          17|
    |tmp85_fu_36546_p2          |         +|   0|  0|  23|          16|          16|
    |tmp86_fu_36552_p2          |         +|   0|  0|  23|          16|          16|
    |tmp87_fu_37539_p2          |         +|   0|  0|  20|          20|          20|
    |tmp88_fu_37526_p2          |         +|   0|  0|  24|          17|          17|
    |tmp89_fu_36558_p2          |         +|   0|  0|  23|          16|          16|
    |tmp90_fu_36564_p2          |         +|   0|  0|  22|          15|          15|
    |tmp91_fu_36586_p2          |         +|   0|  0|  19|          19|          19|
    |tmp92_fu_36570_p2          |         +|   0|  0|  19|          19|          19|
    |tmp93_fu_36576_p2          |         +|   0|  0|  21|          14|          14|
    |tmp95_fu_37557_p2          |         +|   0|  0|  24|          17|          17|
    |tmp96_fu_36636_p2          |         +|   0|  0|  22|          15|          15|
    |tmp97_fu_36648_p2          |         +|   0|  0|  16|          16|          16|
    |tmp98_fu_36642_p2          |         +|   0|  0|  16|          16|          16|
    |tmp99_fu_37570_p2          |         +|   0|  0|  20|          20|          20|
    |tmp_fu_36968_p2            |         +|   0|  0|  16|          16|          16|
    |x_V_10_fu_37414_p2         |         +|   0|  0|  28|          21|          21|
    |x_V_11_fu_37137_p2         |         +|   0|  0|  21|          21|          21|
    |x_V_12_fu_38056_p2         |         +|   0|  0|  22|          22|          22|
    |x_V_13_fu_37748_p2         |         +|   0|  0|  22|          22|          22|
    |x_V_14_fu_37811_p2         |         +|   0|  0|  22|          22|          22|
    |x_V_1_fu_37073_p2          |         +|   0|  0|  29|          22|          12|
    |x_V_2_fu_37170_p2          |         +|   0|  0|  21|          21|          21|
    |x_V_3_fu_37472_p2          |         +|   0|  0|  29|          22|          15|
    |x_V_4_fu_37213_p2          |         +|   0|  0|  26|          19|          12|
    |x_V_5_fu_37277_p2          |         +|   0|  0|  22|          22|          22|
    |x_V_6_fu_37957_p2          |         +|   0|  0|  28|          21|          21|
    |x_V_7_fu_37011_p2          |         +|   0|  0|  18|          18|          18|
    |x_V_8_fu_37996_p2          |         +|   0|  0|  22|          22|          22|
    |x_V_9_fu_38028_p2          |         +|   0|  0|  22|          22|          22|
    |x_V_fu_37973_p2            |         +|   0|  0|  27|          20|          13|
    |addconv_fu_35984_p2        |         -|   0|  0|  16|          16|          16|
    |r_V_104_fu_35561_p2        |         -|   0|  0|  21|          14|          14|
    |r_V_105_fu_35611_p2        |         -|   0|  0|  22|          15|          15|
    |r_V_106_fu_35629_p2        |         -|   0|  0|  22|          15|          15|
    |r_V_107_fu_35647_p2        |         -|   0|  0|  16|          15|          15|
    |r_V_112_fu_35690_p2        |         -|   0|  0|  21|          14|          14|
    |r_V_120_fu_35744_p2        |         -|   0|  0|  22|          15|          15|
    |r_V_125_fu_35830_p2        |         -|   0|  0|  21|          14|          14|
    |r_V_128_fu_35836_p2        |         -|   0|  0|  21|           1|          14|
    |r_V_129_fu_35861_p2        |         -|   0|  0|  22|           1|          15|
    |r_V_134_fu_35906_p2        |         -|   0|  0|  21|          14|          14|
    |r_V_136_fu_35912_p2        |         -|   0|  0|  21|           1|          14|
    |r_V_137_fu_35942_p2        |         -|   0|  0|  22|          15|          15|
    |r_V_138_fu_35960_p2        |         -|   0|  0|  22|          15|          15|
    |r_V_15_fu_34470_p2         |         -|   0|  0|  21|          14|          14|
    |r_V_16_fu_34500_p2         |         -|   0|  0|  16|          15|          15|
    |r_V_1_fu_34328_p2          |         -|   0|  0|  21|          14|          14|
    |r_V_22_fu_34563_p2         |         -|   0|  0|  22|          15|          15|
    |r_V_26_fu_34608_p2         |         -|   0|  0|  22|          15|          15|
    |r_V_31_fu_34673_p2         |         -|   0|  0|  22|          15|          15|
    |r_V_33_fu_34691_p2         |         -|   0|  0|  21|           1|          14|
    |r_V_35_fu_34697_p2         |         -|   0|  0|  21|          14|          14|
    |r_V_36_fu_34725_p2         |         -|   0|  0|  23|          16|          16|
    |r_V_3_fu_34340_p2          |         -|   0|  0|  21|          14|          14|
    |r_V_42_fu_34784_p2         |         -|   0|  0|  21|          14|          14|
    |r_V_43_fu_34802_p2         |         -|   0|  0|  22|          15|          15|
    |r_V_44_fu_34808_p2         |         -|   0|  0|  21|          14|          14|
    |r_V_50_fu_34872_p2         |         -|   0|  0|  22|          15|          15|
    |r_V_51_fu_34882_p2         |         -|   0|  0|  21|          14|          14|
    |r_V_53_fu_34888_p2         |         -|   0|  0|  21|          14|          14|
    |r_V_55_fu_34936_p2         |         -|   0|  0|  21|           1|          14|
    |r_V_56_fu_34954_p2         |         -|   0|  0|  21|          14|          14|
    |r_V_57_fu_34998_p2         |         -|   0|  0|  22|          15|          15|
    |r_V_58_fu_35016_p2         |         -|   0|  0|  21|          14|          14|
    |r_V_59_fu_35034_p2         |         -|   0|  0|  22|          15|          15|
    |r_V_60_fu_35050_p2         |         -|   0|  0|  22|          15|          15|
    |r_V_63_fu_35088_p2         |         -|   0|  0|  16|          16|          16|
    |r_V_66_fu_35100_p2         |         -|   0|  0|  22|          15|          15|
    |r_V_67_fu_35139_p2         |         -|   0|  0|  21|          14|          14|
    |r_V_6_fu_34405_p2          |         -|   0|  0|  21|          14|          14|
    |r_V_70_fu_35187_p2         |         -|   0|  0|  23|          16|          16|
    |r_V_71_fu_35232_p2         |         -|   0|  0|  21|          14|          14|
    |r_V_72_fu_35238_p2         |         -|   0|  0|  21|          14|          14|
    |r_V_78_fu_35278_p2         |         -|   0|  0|  21|          14|          14|
    |r_V_79_fu_35294_p2         |         -|   0|  0|  22|          15|          15|
    |r_V_7_fu_34421_p2          |         -|   0|  0|  22|          15|          15|
    |r_V_80_fu_35312_p2         |         -|   0|  0|  22|          15|          15|
    |r_V_87_fu_35366_p2         |         -|   0|  0|  21|          14|          14|
    |r_V_88_fu_35372_p2         |         -|   0|  0|  21|          14|          14|
    |r_V_89_fu_35420_p2         |         -|   0|  0|  21|          14|          14|
    |r_V_8_fu_34443_p2          |         -|   0|  0|  21|          14|          14|
    |r_V_91_fu_35468_p2         |         -|   0|  0|  21|          14|          14|
    |r_V_93_fu_35474_p2         |         -|   0|  0|  20|          13|          13|
    |r_V_94_fu_35480_p2         |         -|   0|  0|  22|          15|          15|
    |r_V_98_fu_35521_p2         |         -|   0|  0|  21|          14|          14|
    |sub_ln1319_13_fu_34846_p2  |         -|   0|  0|  21|           1|          14|
    |sub_ln1319_21_fu_35040_p2  |         -|   0|  0|  21|           1|          14|
    |sub_ln1319_23_fu_35062_p2  |         -|   0|  0|  22|           1|          15|
    |sub_ln1319_30_fu_35284_p2  |         -|   0|  0|  21|           1|          14|
    |sub_ln1319_34_fu_35394_p2  |         -|   0|  0|  20|           1|          13|
    |sub_ln1319_41_fu_35589_p2  |         -|   0|  0|  21|           1|          14|
    |sub_ln1319_4_fu_34553_p2   |         -|   0|  0|  21|           1|          14|
    |sub_ln1319_9_fu_34703_p2   |         -|   0|  0|  22|           1|          15|
    |sub_ln1319_fu_34411_p2     |         -|   0|  0|  21|           1|          14|
    +---------------------------+----------+----+---+----+------------+------------+
    |Total                      |          |   0|  0|4940|        3697|        3782|
    +---------------------------+----------+----+---+----+------------+------------+

    * Multiplexer: 
    +--------------+----+-----------+-----+-----------+
    |     Name     | LUT| Input Size| Bits| Total Bits|
    +--------------+----+-----------+-----+-----------+
    |ap_return_0   |  14|          3|   16|         48|
    |ap_return_1   |  14|          3|   16|         48|
    |ap_return_10  |  14|          3|   16|         48|
    |ap_return_11  |  14|          3|   16|         48|
    |ap_return_12  |  14|          3|   16|         48|
    |ap_return_13  |  14|          3|   16|         48|
    |ap_return_14  |  14|          3|   16|         48|
    |ap_return_2   |  14|          3|   16|         48|
    |ap_return_3   |  14|          3|   16|         48|
    |ap_return_4   |  14|          3|   16|         48|
    |ap_return_5   |  14|          3|   16|         48|
    |ap_return_6   |  14|          3|   16|         48|
    |ap_return_7   |  14|          3|   16|         48|
    |ap_return_8   |  14|          3|   16|         48|
    |ap_return_9   |  14|          3|   16|         48|
    +--------------+----+-----------+-----+-----------+
    |Total         | 210|         45|  240|        720|
    +--------------+----+-----------+-----+-----------+

    * Register: 
    +-----------------------------------+----+----+-----+-----------+
    |                Name               | FF | LUT| Bits| Const Bits|
    +-----------------------------------+----+----+-----+-----------+
    |add_ln859_21_reg_38571             |  19|   0|   20|          1|
    |add_ln859_25_reg_38581             |  15|   0|   16|          1|
    |addconv131_reg_38451               |  15|   0|   16|          1|
    |ap_ce_reg                          |   1|   0|    1|          0|
    |ap_return_0_int_reg                |  16|   0|   16|          0|
    |ap_return_10_int_reg               |  16|   0|   16|          0|
    |ap_return_11_int_reg               |  16|   0|   16|          0|
    |ap_return_12_int_reg               |  16|   0|   16|          0|
    |ap_return_13_int_reg               |  16|   0|   16|          0|
    |ap_return_14_int_reg               |  16|   0|   16|          0|
    |ap_return_1_int_reg                |  16|   0|   16|          0|
    |ap_return_2_int_reg                |  16|   0|   16|          0|
    |ap_return_3_int_reg                |  16|   0|   16|          0|
    |ap_return_4_int_reg                |  16|   0|   16|          0|
    |ap_return_5_int_reg                |  16|   0|   16|          0|
    |ap_return_6_int_reg                |  16|   0|   16|          0|
    |ap_return_7_int_reg                |  16|   0|   16|          0|
    |ap_return_8_int_reg                |  16|   0|   16|          0|
    |ap_return_9_int_reg                |  16|   0|   16|          0|
    |mult_V_5_reg_38546                 |  15|   0|   16|          1|
    |p_read10_int_reg                   |   9|   0|    9|          0|
    |p_read11_int_reg                   |   9|   0|    9|          0|
    |p_read12_int_reg                   |   9|   0|    9|          0|
    |p_read13_int_reg                   |   9|   0|    9|          0|
    |p_read14_int_reg                   |   9|   0|    9|          0|
    |p_read15_int_reg                   |   9|   0|    9|          0|
    |p_read16_int_reg                   |   9|   0|    9|          0|
    |p_read17_int_reg                   |   9|   0|    9|          0|
    |p_read18_int_reg                   |   9|   0|    9|          0|
    |p_read19_int_reg                   |   9|   0|    9|          0|
    |p_read1_int_reg                    |   9|   0|    9|          0|
    |p_read20_int_reg                   |   9|   0|    9|          0|
    |p_read21_int_reg                   |   9|   0|    9|          0|
    |p_read22_int_reg                   |   9|   0|    9|          0|
    |p_read23_int_reg                   |   9|   0|    9|          0|
    |p_read24_int_reg                   |   9|   0|    9|          0|
    |p_read2_int_reg                    |   9|   0|    9|          0|
    |p_read3_int_reg                    |   9|   0|    9|          0|
    |p_read4_int_reg                    |   9|   0|    9|          0|
    |p_read5_int_reg                    |   9|   0|    9|          0|
    |p_read6_int_reg                    |   9|   0|    9|          0|
    |p_read7_int_reg                    |   9|   0|    9|          0|
    |p_read8_int_reg                    |   9|   0|    9|          0|
    |p_read9_int_reg                    |   9|   0|    9|          0|
    |p_read_51_reg_38220                |   9|   0|    9|          0|
    |p_read_51_reg_38220_pp0_iter1_reg  |   9|   0|    9|          0|
    |p_read_59_reg_38225                |   9|   0|    9|          0|
    |p_read_int_reg                     |   9|   0|    9|          0|
    |r_V_101_reg_32646                  |  15|   0|   15|          0|
    |r_V_113_reg_32662                  |  15|   0|   15|          0|
    |r_V_121_reg_38291                  |  12|   0|   14|          2|
    |r_V_126_reg_32684                  |  14|   0|   14|          0|
    |r_V_128_reg_38296                  |  10|   0|   14|          4|
    |r_V_138_reg_38301                  |  13|   0|   15|          2|
    |r_V_25_reg_32565                   |  15|   0|   15|          0|
    |r_V_34_reg_32581                   |  15|   0|   15|          0|
    |r_V_36_reg_38241                   |  13|   0|   16|          3|
    |r_V_39_reg_32591                   |  16|   0|   16|          0|
    |r_V_3_reg_38231                    |  14|   0|   14|          0|
    |r_V_40_reg_32595                   |  15|   0|   15|          0|
    |r_V_53_reg_38246                   |  12|   0|   14|          2|
    |r_V_58_reg_38251                   |  13|   0|   14|          1|
    |r_V_67_reg_38256                   |  13|   0|   14|          1|
    |r_V_70_reg_38261                   |  12|   0|   16|          4|
    |r_V_75_reg_32629                   |  15|   0|   15|          0|
    |r_V_76_reg_32633                   |  14|   0|   14|          0|
    |r_V_8_reg_38236                    |  12|   0|   14|          2|
    |r_V_94_reg_38276                   |  15|   0|   15|          0|
    |r_V_98_reg_38286                   |  12|   0|   14|          2|
    |shl_ln1319_39_reg_38266            |   9|   0|   11|          2|
    |tmp100_reg_38491                   |  16|   0|   16|          0|
    |tmp101_reg_38496                   |  20|   0|   20|          0|
    |tmp107_reg_38501                   |  16|   0|   16|          0|
    |tmp108_reg_38506                   |  16|   0|   16|          0|
    |tmp112_reg_38511                   |  16|   0|   16|          0|
    |tmp114_reg_38516                   |  19|   0|   19|          0|
    |tmp120_reg_38521                   |  16|   0|   16|          0|
    |tmp122_reg_38526                   |  15|   0|   15|          0|
    |tmp126_reg_38531                   |  19|   0|   19|          0|
    |tmp128_reg_38536                   |  16|   0|   16|          0|
    |tmp13_reg_38306                    |  15|   0|   15|          0|
    |tmp17_reg_38311                    |  16|   0|   16|          0|
    |tmp18_reg_38316                    |  17|   0|   17|          0|
    |tmp22_reg_38321                    |  19|   0|   19|          0|
    |tmp23_reg_38326                    |  16|   0|   16|          0|
    |tmp26_reg_38331                    |  14|   0|   14|          0|
    |tmp27_reg_38336                    |  19|   0|   19|          0|
    |tmp30_reg_38341                    |  14|   0|   15|          1|
    |tmp31_reg_38346                    |  15|   0|   15|          0|
    |tmp33262_reg_38351                 |  16|   0|   16|          0|
    |tmp35756_reg_38551                 |  17|   0|   17|          0|
    |tmp36854_reg_38556                 |  18|   0|   18|          0|
    |tmp38_reg_38356                    |  14|   0|   16|          2|
    |tmp39948_reg_38561                 |  20|   0|   20|          0|
    |tmp40946_reg_38566                 |  20|   0|   20|          0|
    |tmp41_reg_38361                    |  15|   0|   15|          0|
    |tmp42045_reg_38576                 |  21|   0|   21|          0|
    |tmp42_reg_38366                    |  14|   0|   15|          1|
    |tmp45_reg_38371                    |  16|   0|   16|          0|
    |tmp48_reg_38376                    |  16|   0|   16|          0|
    |tmp50_reg_38381                    |  20|   0|   21|          1|
    |tmp53_reg_38386                    |  16|   0|   16|          0|
    |tmp56_reg_38391                    |  15|   0|   15|          0|
    |tmp60_reg_38396                    |  16|   0|   16|          0|
    |tmp61_reg_38401                    |  16|   0|   16|          0|
    |tmp64_reg_38406                    |  15|   0|   15|          0|
    |tmp67_reg_38411                    |  15|   0|   15|          0|
    |tmp69_reg_38416                    |  16|   0|   16|          0|
    |tmp70_reg_38421                    |  16|   0|   16|          0|
    |tmp74_reg_38426                    |  15|   0|   15|          0|
    |tmp75_reg_38431                    |  19|   0|   19|          0|
    |tmp77_reg_38436                    |  15|   0|   15|          0|
    |tmp79_reg_38441                    |  19|   0|   19|          0|
    |tmp82_reg_38446                    |  15|   0|   15|          0|
    |tmp85_reg_38456                    |  16|   0|   16|          0|
    |tmp86_reg_38461                    |  16|   0|   16|          0|
    |tmp89_reg_38466                    |  16|   0|   16|          0|
    |tmp90_reg_38471                    |  15|   0|   15|          0|
    |tmp91_reg_38476                    |  17|   0|   19|          2|
    |tmp96_reg_38481                    |  15|   0|   15|          0|
    |tmp97_reg_38486                    |  16|   0|   16|          0|
    |tmp_253_reg_38591                  |  15|   0|   15|          0|
    |tmp_254_reg_38601                  |  13|   0|   13|          0|
    |tmp_256_reg_38611                  |  12|   0|   12|          0|
    |tmp_257_reg_38616                  |  15|   0|   15|          0|
    |trunc_ln864_1_reg_38586            |  16|   0|   16|          0|
    |trunc_ln864_3_reg_38596            |  16|   0|   16|          0|
    |trunc_ln864_4_reg_38626            |  16|   0|   16|          0|
    |trunc_ln864_5_reg_38606            |  16|   0|   16|          0|
    |trunc_ln864_6_reg_38631            |  16|   0|   16|          0|
    |trunc_ln864_s_reg_38621            |  15|   0|   15|          0|
    |zext_ln1319_83_reg_38271           |   9|   0|   15|          6|
    |zext_ln1319_90_reg_38281           |   9|   0|   15|          6|
    |zext_ln17_2_reg_38541              |  17|   0|   21|          4|
    +-----------------------------------+----+----+-----+-----------+
    |Total                              |1876|   0| 1928|         52|
    +-----------------------------------+----+----+-----+-----------+



================================================================
== Interface
================================================================
* Summary: 
+--------------+-----+-----+------------+----------------------------------------------------------------------------+--------------+
|   RTL Ports  | Dir | Bits|  Protocol  |                                Source Object                               |    C Type    |
+--------------+-----+-----+------------+----------------------------------------------------------------------------+--------------+
|ap_clk        |   in|    1|  ap_ctrl_hs|  dense_latency<ap_ufixed<9, 0, 4, 0, 0>, ap_fixed<16, 6, 5, 3, 0>, config8>|  return value|
|ap_rst        |   in|    1|  ap_ctrl_hs|  dense_latency<ap_ufixed<9, 0, 4, 0, 0>, ap_fixed<16, 6, 5, 3, 0>, config8>|  return value|
|ap_return_0   |  out|   16|  ap_ctrl_hs|  dense_latency<ap_ufixed<9, 0, 4, 0, 0>, ap_fixed<16, 6, 5, 3, 0>, config8>|  return value|
|ap_return_1   |  out|   16|  ap_ctrl_hs|  dense_latency<ap_ufixed<9, 0, 4, 0, 0>, ap_fixed<16, 6, 5, 3, 0>, config8>|  return value|
|ap_return_2   |  out|   16|  ap_ctrl_hs|  dense_latency<ap_ufixed<9, 0, 4, 0, 0>, ap_fixed<16, 6, 5, 3, 0>, config8>|  return value|
|ap_return_3   |  out|   16|  ap_ctrl_hs|  dense_latency<ap_ufixed<9, 0, 4, 0, 0>, ap_fixed<16, 6, 5, 3, 0>, config8>|  return value|
|ap_return_4   |  out|   16|  ap_ctrl_hs|  dense_latency<ap_ufixed<9, 0, 4, 0, 0>, ap_fixed<16, 6, 5, 3, 0>, config8>|  return value|
|ap_return_5   |  out|   16|  ap_ctrl_hs|  dense_latency<ap_ufixed<9, 0, 4, 0, 0>, ap_fixed<16, 6, 5, 3, 0>, config8>|  return value|
|ap_return_6   |  out|   16|  ap_ctrl_hs|  dense_latency<ap_ufixed<9, 0, 4, 0, 0>, ap_fixed<16, 6, 5, 3, 0>, config8>|  return value|
|ap_return_7   |  out|   16|  ap_ctrl_hs|  dense_latency<ap_ufixed<9, 0, 4, 0, 0>, ap_fixed<16, 6, 5, 3, 0>, config8>|  return value|
|ap_return_8   |  out|   16|  ap_ctrl_hs|  dense_latency<ap_ufixed<9, 0, 4, 0, 0>, ap_fixed<16, 6, 5, 3, 0>, config8>|  return value|
|ap_return_9   |  out|   16|  ap_ctrl_hs|  dense_latency<ap_ufixed<9, 0, 4, 0, 0>, ap_fixed<16, 6, 5, 3, 0>, config8>|  return value|
|ap_return_10  |  out|   16|  ap_ctrl_hs|  dense_latency<ap_ufixed<9, 0, 4, 0, 0>, ap_fixed<16, 6, 5, 3, 0>, config8>|  return value|
|ap_return_11  |  out|   16|  ap_ctrl_hs|  dense_latency<ap_ufixed<9, 0, 4, 0, 0>, ap_fixed<16, 6, 5, 3, 0>, config8>|  return value|
|ap_return_12  |  out|   16|  ap_ctrl_hs|  dense_latency<ap_ufixed<9, 0, 4, 0, 0>, ap_fixed<16, 6, 5, 3, 0>, config8>|  return value|
|ap_return_13  |  out|   16|  ap_ctrl_hs|  dense_latency<ap_ufixed<9, 0, 4, 0, 0>, ap_fixed<16, 6, 5, 3, 0>, config8>|  return value|
|ap_return_14  |  out|   16|  ap_ctrl_hs|  dense_latency<ap_ufixed<9, 0, 4, 0, 0>, ap_fixed<16, 6, 5, 3, 0>, config8>|  return value|
|ap_ce         |   in|    1|  ap_ctrl_hs|  dense_latency<ap_ufixed<9, 0, 4, 0, 0>, ap_fixed<16, 6, 5, 3, 0>, config8>|  return value|
|p_read        |   in|    9|     ap_none|                                                                      p_read|        scalar|
|p_read1       |   in|    9|     ap_none|                                                                     p_read1|        scalar|
|p_read2       |   in|    9|     ap_none|                                                                     p_read2|        scalar|
|p_read3       |   in|    9|     ap_none|                                                                     p_read3|        scalar|
|p_read4       |   in|    9|     ap_none|                                                                     p_read4|        scalar|
|p_read5       |   in|    9|     ap_none|                                                                     p_read5|        scalar|
|p_read6       |   in|    9|     ap_none|                                                                     p_read6|        scalar|
|p_read7       |   in|    9|     ap_none|                                                                     p_read7|        scalar|
|p_read8       |   in|    9|     ap_none|                                                                     p_read8|        scalar|
|p_read9       |   in|    9|     ap_none|                                                                     p_read9|        scalar|
|p_read10      |   in|    9|     ap_none|                                                                    p_read10|        scalar|
|p_read11      |   in|    9|     ap_none|                                                                    p_read11|        scalar|
|p_read12      |   in|    9|     ap_none|                                                                    p_read12|        scalar|
|p_read13      |   in|    9|     ap_none|                                                                    p_read13|        scalar|
|p_read14      |   in|    9|     ap_none|                                                                    p_read14|        scalar|
|p_read15      |   in|    9|     ap_none|                                                                    p_read15|        scalar|
|p_read16      |   in|    9|     ap_none|                                                                    p_read16|        scalar|
|p_read17      |   in|    9|     ap_none|                                                                    p_read17|        scalar|
|p_read18      |   in|    9|     ap_none|                                                                    p_read18|        scalar|
|p_read19      |   in|    9|     ap_none|                                                                    p_read19|        scalar|
|p_read20      |   in|    9|     ap_none|                                                                    p_read20|        scalar|
|p_read21      |   in|    9|     ap_none|                                                                    p_read21|        scalar|
|p_read22      |   in|    9|     ap_none|                                                                    p_read22|        scalar|
|p_read23      |   in|    9|     ap_none|                                                                    p_read23|        scalar|
|p_read24      |   in|    9|     ap_none|                                                                    p_read24|        scalar|
+--------------+-----+-----+------------+----------------------------------------------------------------------------+--------------+

